'PoincareScalarFlow.barrier_denominator_pos' depends on axioms: [propext, Classical.choice, Quot.sound]
'PoincareScalarFlow.barrier_nonpos' depends on axioms: [propext, Classical.choice, Quot.sound]
'PoincareScalarFlow.barrier_restart' depends on axioms: [propext, Classical.choice, Quot.sound]
'PoincareScalarFlow.barrier_ge_universal' depends on axioms: [propext, Classical.choice, Quot.sound]
'PoincareScalarFlow.normalized_barrier' depends on axioms: [propext, Classical.choice, Quot.sound]
'PoincareScalarFlow.scalar_trace_bound' depends on axioms: [propext, Classical.choice, Quot.sound]
'PoincareScalarFlow.scalar_lower_bound_on_slab' depends on axioms: [propext, Classical.choice, Quot.sound]
'PoincareScalarFlow.scalar_lower_bound' depends on axioms: [propext, Classical.choice, Quot.sound]
'PoincareScalarFlow.normalized_scalar_lower_bound' depends on axioms: [propext, Classical.choice, Quot.sound]
'PoincareScalarFlow.exists_initial_nonpositive_scalar_bound' depends on axioms: [propext, Classical.choice, Quot.sound]
'PoincareScalarFlow.universal_scalar_lower_bound' depends on axioms: [propext, Classical.choice, Quot.sound]
'PoincareScalarFlow.scalar_lower_bound_after_restart' depends on axioms: [propext, Classical.choice, Quot.sound]
'PoincareScalarFlow.normalized_scalar_lower_bound_after_restart' depends on axioms: [propext,
 Classical.choice,
 Quot.sound]
'PoincareScalarFlowTests.normalized_initial_exact' depends on axioms: [propext, Classical.choice, Quot.sound]
'PoincareScalarFlowTests.normalized_time_one_exact' depends on axioms: [propext, Classical.choice, Quot.sound]
'PoincareScalarFlowTests.restart_keeps_global_time' depends on axioms: [propext, Classical.choice, Quot.sound]
'PoincareScalarFlowTests.negative_time_cannot_be_allowed' depends on axioms: [propext, Classical.choice, Quot.sound]
'PoincareScalarFlowTests.constant_scalar_is_not_enough' depends on axioms: [propext, Classical.choice, Quot.sound]
'PoincareScalarFlowTests.universal_bound_is_weaker' depends on axioms: [propext, Classical.choice, Quot.sound]
'PoincareScalarFlowTests.literal_metric_normalized_bound' depends on axioms: [propext, Classical.choice, Quot.sound]
'PoincareScalarFlowTests.literal_metric_universal_bound' depends on axioms: [propext, Classical.choice, Quot.sound]
